Creating test database for alias 'default'...
.........................................................................................................................F............................................E.E....FE..F...F......E.E..EE................................................................F...................
======================================================================
ERROR: test_adjustment_hidden_until_company_validates (cv_generator.tests.CertificationOnlyDataTests.test_adjustment_hidden_until_company_validates)
----------------------------------------------------------------------
Traceback (most recent call last):
  File "/home/destin/Projets/UrbanTrack/cv_generator/tests.py", line 277, in test_adjustment_hidden_until_company_validates
    html = render_cv_html(cv_context_from_user(self.expert, "en"), "world_bank", "en")
           ^^^^^^^^^^^^^^^^^^^^^^^^^^^^^^^^^^^^^^^^^^^^^^^^^^^^^^^^^^^^^^^^^^^^^^^^^^^
  File "/home/destin/Projets/UrbanTrack/cv_generator/engine.py", line 900, in render_cv_html
    raise ValueError(f"unknown skin/lang: {skin_key}/{lang}")
ValueError: unknown skin/lang: world_bank/en

======================================================================
ERROR: test_empty_context_skips_the_indicator_block (cv_generator.tests.CertifiedIndicatorsTests.test_empty_context_skips_the_indicator_block)
----------------------------------------------------------------------
Traceback (most recent call last):
  File "/home/destin/Projets/UrbanTrack/cv_generator/tests.py", line 700, in test_empty_context_skips_the_indicator_block
    html = render_cv_html(cv_context_from_user(self.expert, "en"), skin, "en")
           ^^^^^^^^^^^^^^^^^^^^^^^^^^^^^^^^^^^^^^^^^^^^^^^^^^^^^^^^^^^^^^^^^^^
  File "/home/destin/Projets/UrbanTrack/cv_generator/engine.py", line 902, in render_cv_html
    return render_to_string(
           ^^^^^^^^^^^^^^^^^
  File "/home/destin/Projets/UrbanTrack/env/lib/python3.12/site-packages/django/template/loader.py", line 61, in render_to_string
    template = get_template(template_name, using=using)
               ^^^^^^^^^^^^^^^^^^^^^^^^^^^^^^^^^^^^^^^^
  File "/home/destin/Projets/UrbanTrack/env/lib/python3.12/site-packages/django/template/loader.py", line 15, in get_template
    return engine.get_template(template_name)
           ^^^^^^^^^^^^^^^^^^^^^^^^^^^^^^^^^^
  File "/home/destin/Projets/UrbanTrack/env/lib/python3.12/site-packages/django/template/backends/django.py", line 79, in get_template
    return Template(self.engine.get_template(template_name), self)
                    ^^^^^^^^^^^^^^^^^^^^^^^^^^^^^^^^^^^^^^^
  File "/home/destin/Projets/UrbanTrack/env/lib/python3.12/site-packages/django/template/engine.py", line 186, in get_template
    template, origin = self.find_template(template_name)
                       ^^^^^^^^^^^^^^^^^^^^^^^^^^^^^^^^^
  File "/home/destin/Projets/UrbanTrack/env/lib/python3.12/site-packages/django/template/engine.py", line 159, in find_template
    template = loader.get_template(name, skip=skip)
               ^^^^^^^^^^^^^^^^^^^^^^^^^^^^^^^^^^^^
  File "/home/destin/Projets/UrbanTrack/env/lib/python3.12/site-packages/django/template/loaders/cached.py", line 57, in get_template
    template = super().get_template(template_name, skip)
               ^^^^^^^^^^^^^^^^^^^^^^^^^^^^^^^^^^^^^^^^^
  File "/home/destin/Projets/UrbanTrack/env/lib/python3.12/site-packages/django/template/loaders/base.py", line 28, in get_template
    return Template(
           ^^^^^^^^^
  File "/home/destin/Projets/UrbanTrack/env/lib/python3.12/site-packages/django/template/base.py", line 157, in __init__
    self.nodelist = self.compile_nodelist()
                    ^^^^^^^^^^^^^^^^^^^^^^^
  File "/home/destin/Projets/UrbanTrack/env/lib/python3.12/site-packages/django/template/base.py", line 199, in compile_nodelist
    nodelist = parser.parse()
               ^^^^^^^^^^^^^^
  File "/home/destin/Projets/UrbanTrack/env/lib/python3.12/site-packages/django/template/base.py", line 602, in parse
    raise self.error(token, e)
  File "/home/destin/Projets/UrbanTrack/env/lib/python3.12/site-packages/django/template/base.py", line 600, in parse
    compiled_result = compile_func(self, token)
                      ^^^^^^^^^^^^^^^^^^^^^^^^^
  File "/home/destin/Projets/UrbanTrack/env/lib/python3.12/site-packages/django/template/defaulttags.py", line 994, in do_if
    nodelist = parser.parse(("elif", "else", "endif"))
               ^^^^^^^^^^^^^^^^^^^^^^^^^^^^^^^^^^^^^^^
  File "/home/destin/Projets/UrbanTrack/env/lib/python3.12/site-packages/django/template/base.py", line 556, in parse
    raise self.error(token, e)
  File "/home/destin/Projets/UrbanTrack/env/lib/python3.12/site-packages/django/template/base.py", line 554, in parse
    filter_expression = self.compile_filter(token.contents)
                        ^^^^^^^^^^^^^^^^^^^^^^^^^^^^^^^^^^^
  File "/home/destin/Projets/UrbanTrack/env/lib/python3.12/site-packages/django/template/base.py", line 693, in compile_filter
    return FilterExpression(token, self)
           ^^^^^^^^^^^^^^^^^^^^^^^^^^^^^
  File "/home/destin/Projets/UrbanTrack/env/lib/python3.12/site-packages/django/template/base.py", line 789, in __init__
    self.args_check(filter_name, filter_func, args)
  File "/home/destin/Projets/UrbanTrack/env/lib/python3.12/site-packages/django/template/base.py", line 851, in args_check
    raise TemplateSyntaxError(
django.template.exceptions.TemplateSyntaxError: Template: /home/destin/Projets/UrbanTrack/templates/cv/world_bank_new.html, join requires 2 arguments, 1 provided

======================================================================
ERROR: test_skins_render_the_indicator_block (cv_generator.tests.CertifiedIndicatorsTests.test_skins_render_the_indicator_block)
----------------------------------------------------------------------
Traceback (most recent call last):
  File "/home/destin/Projets/UrbanTrack/cv_generator/tests.py", line 694, in test_skins_render_the_indicator_block
    html = render_cv_html(cv_context_from_user(self.expert, lang), skin, lang)
           ^^^^^^^^^^^^^^^^^^^^^^^^^^^^^^^^^^^^^^^^^^^^^^^^^^^^^^^^^^^^^^^^^^^
  File "/home/destin/Projets/UrbanTrack/cv_generator/engine.py", line 902, in render_cv_html
    return render_to_string(
           ^^^^^^^^^^^^^^^^^
  File "/home/destin/Projets/UrbanTrack/env/lib/python3.12/site-packages/django/template/loader.py", line 61, in render_to_string
    template = get_template(template_name, using=using)
               ^^^^^^^^^^^^^^^^^^^^^^^^^^^^^^^^^^^^^^^^
  File "/home/destin/Projets/UrbanTrack/env/lib/python3.12/site-packages/django/template/loader.py", line 15, in get_template
    return engine.get_template(template_name)
           ^^^^^^^^^^^^^^^^^^^^^^^^^^^^^^^^^^
  File "/home/destin/Projets/UrbanTrack/env/lib/python3.12/site-packages/django/template/backends/django.py", line 79, in get_template
    return Template(self.engine.get_template(template_name), self)
                    ^^^^^^^^^^^^^^^^^^^^^^^^^^^^^^^^^^^^^^^
  File "/home/destin/Projets/UrbanTrack/env/lib/python3.12/site-packages/django/template/engine.py", line 186, in get_template
    template, origin = self.find_template(template_name)
                       ^^^^^^^^^^^^^^^^^^^^^^^^^^^^^^^^^
  File "/home/destin/Projets/UrbanTrack/env/lib/python3.12/site-packages/django/template/engine.py", line 159, in find_template
    template = loader.get_template(name, skip=skip)
               ^^^^^^^^^^^^^^^^^^^^^^^^^^^^^^^^^^^^
  File "/home/destin/Projets/UrbanTrack/env/lib/python3.12/site-packages/django/template/loaders/cached.py", line 57, in get_template
    template = super().get_template(template_name, skip)
               ^^^^^^^^^^^^^^^^^^^^^^^^^^^^^^^^^^^^^^^^^
  File "/home/destin/Projets/UrbanTrack/env/lib/python3.12/site-packages/django/template/loaders/base.py", line 28, in get_template
    return Template(
           ^^^^^^^^^
  File "/home/destin/Projets/UrbanTrack/env/lib/python3.12/site-packages/django/template/base.py", line 157, in __init__
    self.nodelist = self.compile_nodelist()
                    ^^^^^^^^^^^^^^^^^^^^^^^
  File "/home/destin/Projets/UrbanTrack/env/lib/python3.12/site-packages/django/template/base.py", line 199, in compile_nodelist
    nodelist = parser.parse()
               ^^^^^^^^^^^^^^
  File "/home/destin/Projets/UrbanTrack/env/lib/python3.12/site-packages/django/template/base.py", line 602, in parse
    raise self.error(token, e)
  File "/home/destin/Projets/UrbanTrack/env/lib/python3.12/site-packages/django/template/base.py", line 600, in parse
    compiled_result = compile_func(self, token)
                      ^^^^^^^^^^^^^^^^^^^^^^^^^
  File "/home/destin/Projets/UrbanTrack/env/lib/python3.12/site-packages/django/template/defaulttags.py", line 994, in do_if
    nodelist = parser.parse(("elif", "else", "endif"))
               ^^^^^^^^^^^^^^^^^^^^^^^^^^^^^^^^^^^^^^^
  File "/home/destin/Projets/UrbanTrack/env/lib/python3.12/site-packages/django/template/base.py", line 556, in parse
    raise self.error(token, e)
  File "/home/destin/Projets/UrbanTrack/env/lib/python3.12/site-packages/django/template/base.py", line 554, in parse
    filter_expression = self.compile_filter(token.contents)
                        ^^^^^^^^^^^^^^^^^^^^^^^^^^^^^^^^^^^
  File "/home/destin/Projets/UrbanTrack/env/lib/python3.12/site-packages/django/template/base.py", line 693, in compile_filter
    return FilterExpression(token, self)
           ^^^^^^^^^^^^^^^^^^^^^^^^^^^^^
  File "/home/destin/Projets/UrbanTrack/env/lib/python3.12/site-packages/django/template/base.py", line 789, in __init__
    self.args_check(filter_name, filter_func, args)
  File "/home/destin/Projets/UrbanTrack/env/lib/python3.12/site-packages/django/template/base.py", line 851, in args_check
    raise TemplateSyntaxError(
django.template.exceptions.TemplateSyntaxError: Template: /home/destin/Projets/UrbanTrack/templates/cv/world_bank_new.html, join requires 2 arguments, 1 provided

======================================================================
ERROR: test_empty_context_skips_declared_section_entirely (cv_generator.tests.DeclaredContextEngineTests.test_empty_context_skips_declared_section_entirely)
----------------------------------------------------------------------
Traceback (most recent call last):
  File "/home/destin/Projets/UrbanTrack/cv_generator/tests.py", line 600, in test_empty_context_skips_declared_section_entirely
    html = render_cv_html(cv_context_from_user(self.expert, "en"), skin, "en")
           ^^^^^^^^^^^^^^^^^^^^^^^^^^^^^^^^^^^^^^^^^^^^^^^^^^^^^^^^^^^^^^^^^^^
  File "/home/destin/Projets/UrbanTrack/cv_generator/engine.py", line 902, in render_cv_html
    return render_to_string(
           ^^^^^^^^^^^^^^^^^
  File "/home/destin/Projets/UrbanTrack/env/lib/python3.12/site-packages/django/template/loader.py", line 61, in render_to_string
    template = get_template(template_name, using=using)
               ^^^^^^^^^^^^^^^^^^^^^^^^^^^^^^^^^^^^^^^^
  File "/home/destin/Projets/UrbanTrack/env/lib/python3.12/site-packages/django/template/loader.py", line 15, in get_template
    return engine.get_template(template_name)
           ^^^^^^^^^^^^^^^^^^^^^^^^^^^^^^^^^^
  File "/home/destin/Projets/UrbanTrack/env/lib/python3.12/site-packages/django/template/backends/django.py", line 79, in get_template
    return Template(self.engine.get_template(template_name), self)
                    ^^^^^^^^^^^^^^^^^^^^^^^^^^^^^^^^^^^^^^^
  File "/home/destin/Projets/UrbanTrack/env/lib/python3.12/site-packages/django/template/engine.py", line 186, in get_template
    template, origin = self.find_template(template_name)
                       ^^^^^^^^^^^^^^^^^^^^^^^^^^^^^^^^^
  File "/home/destin/Projets/UrbanTrack/env/lib/python3.12/site-packages/django/template/engine.py", line 159, in find_template
    template = loader.get_template(name, skip=skip)
               ^^^^^^^^^^^^^^^^^^^^^^^^^^^^^^^^^^^^
  File "/home/destin/Projets/UrbanTrack/env/lib/python3.12/site-packages/django/template/loaders/cached.py", line 57, in get_template
    template = super().get_template(template_name, skip)
               ^^^^^^^^^^^^^^^^^^^^^^^^^^^^^^^^^^^^^^^^^
  File "/home/destin/Projets/UrbanTrack/env/lib/python3.12/site-packages/django/template/loaders/base.py", line 28, in get_template
    return Template(
           ^^^^^^^^^
  File "/home/destin/Projets/UrbanTrack/env/lib/python3.12/site-packages/django/template/base.py", line 157, in __init__
    self.nodelist = self.compile_nodelist()
                    ^^^^^^^^^^^^^^^^^^^^^^^
  File "/home/destin/Projets/UrbanTrack/env/lib/python3.12/site-packages/django/template/base.py", line 199, in compile_nodelist
    nodelist = parser.parse()
               ^^^^^^^^^^^^^^
  File "/home/destin/Projets/UrbanTrack/env/lib/python3.12/site-packages/django/template/base.py", line 602, in parse
    raise self.error(token, e)
  File "/home/destin/Projets/UrbanTrack/env/lib/python3.12/site-packages/django/template/base.py", line 600, in parse
    compiled_result = compile_func(self, token)
                      ^^^^^^^^^^^^^^^^^^^^^^^^^
  File "/home/destin/Projets/UrbanTrack/env/lib/python3.12/site-packages/django/template/defaulttags.py", line 994, in do_if
    nodelist = parser.parse(("elif", "else", "endif"))
               ^^^^^^^^^^^^^^^^^^^^^^^^^^^^^^^^^^^^^^^
  File "/home/destin/Projets/UrbanTrack/env/lib/python3.12/site-packages/django/template/base.py", line 556, in parse
    raise self.error(token, e)
  File "/home/destin/Projets/UrbanTrack/env/lib/python3.12/site-packages/django/template/base.py", line 554, in parse
    filter_expression = self.compile_filter(token.contents)
                        ^^^^^^^^^^^^^^^^^^^^^^^^^^^^^^^^^^^
  File "/home/destin/Projets/UrbanTrack/env/lib/python3.12/site-packages/django/template/base.py", line 693, in compile_filter
    return FilterExpression(token, self)
           ^^^^^^^^^^^^^^^^^^^^^^^^^^^^^
  File "/home/destin/Projets/UrbanTrack/env/lib/python3.12/site-packages/django/template/base.py", line 789, in __init__
    self.args_check(filter_name, filter_func, args)
  File "/home/destin/Projets/UrbanTrack/env/lib/python3.12/site-packages/django/template/base.py", line 851, in args_check
    raise TemplateSyntaxError(
django.template.exceptions.TemplateSyntaxError: Template: /home/destin/Projets/UrbanTrack/templates/cv/world_bank_new.html, join requires 2 arguments, 1 provided

======================================================================
ERROR: test_skins_render_declared_marker_and_legend (cv_generator.tests.DeclaredContextEngineTests.test_skins_render_declared_marker_and_legend)
----------------------------------------------------------------------
Traceback (most recent call last):
  File "/home/destin/Projets/UrbanTrack/cv_generator/tests.py", line 594, in test_skins_render_declared_marker_and_legend
    html = render_cv_html(cv_context_from_user(self.expert, lang), skin, lang)
           ^^^^^^^^^^^^^^^^^^^^^^^^^^^^^^^^^^^^^^^^^^^^^^^^^^^^^^^^^^^^^^^^^^^
  File "/home/destin/Projets/UrbanTrack/cv_generator/engine.py", line 902, in render_cv_html
    return render_to_string(
           ^^^^^^^^^^^^^^^^^
  File "/home/destin/Projets/UrbanTrack/env/lib/python3.12/site-packages/django/template/loader.py", line 61, in render_to_string
    template = get_template(template_name, using=using)
               ^^^^^^^^^^^^^^^^^^^^^^^^^^^^^^^^^^^^^^^^
  File "/home/destin/Projets/UrbanTrack/env/lib/python3.12/site-packages/django/template/loader.py", line 15, in get_template
    return engine.get_template(template_name)
           ^^^^^^^^^^^^^^^^^^^^^^^^^^^^^^^^^^
  File "/home/destin/Projets/UrbanTrack/env/lib/python3.12/site-packages/django/template/backends/django.py", line 79, in get_template
    return Template(self.engine.get_template(template_name), self)
                    ^^^^^^^^^^^^^^^^^^^^^^^^^^^^^^^^^^^^^^^
  File "/home/destin/Projets/UrbanTrack/env/lib/python3.12/site-packages/django/template/engine.py", line 186, in get_template
    template, origin = self.find_template(template_name)
                       ^^^^^^^^^^^^^^^^^^^^^^^^^^^^^^^^^
  File "/home/destin/Projets/UrbanTrack/env/lib/python3.12/site-packages/django/template/engine.py", line 159, in find_template
    template = loader.get_template(name, skip=skip)
               ^^^^^^^^^^^^^^^^^^^^^^^^^^^^^^^^^^^^
  File "/home/destin/Projets/UrbanTrack/env/lib/python3.12/site-packages/django/template/loaders/cached.py", line 57, in get_template
    template = super().get_template(template_name, skip)
               ^^^^^^^^^^^^^^^^^^^^^^^^^^^^^^^^^^^^^^^^^
  File "/home/destin/Projets/UrbanTrack/env/lib/python3.12/site-packages/django/template/loaders/base.py", line 28, in get_template
    return Template(
           ^^^^^^^^^
  File "/home/destin/Projets/UrbanTrack/env/lib/python3.12/site-packages/django/template/base.py", line 157, in __init__
    self.nodelist = self.compile_nodelist()
                    ^^^^^^^^^^^^^^^^^^^^^^^
  File "/home/destin/Projets/UrbanTrack/env/lib/python3.12/site-packages/django/template/base.py", line 199, in compile_nodelist
    nodelist = parser.parse()
               ^^^^^^^^^^^^^^
  File "/home/destin/Projets/UrbanTrack/env/lib/python3.12/site-packages/django/template/base.py", line 602, in parse
    raise self.error(token, e)
  File "/home/destin/Projets/UrbanTrack/env/lib/python3.12/site-packages/django/template/base.py", line 600, in parse
    compiled_result = compile_func(self, token)
                      ^^^^^^^^^^^^^^^^^^^^^^^^^
  File "/home/destin/Projets/UrbanTrack/env/lib/python3.12/site-packages/django/template/defaulttags.py", line 994, in do_if
    nodelist = parser.parse(("elif", "else", "endif"))
               ^^^^^^^^^^^^^^^^^^^^^^^^^^^^^^^^^^^^^^^
  File "/home/destin/Projets/UrbanTrack/env/lib/python3.12/site-packages/django/template/base.py", line 556, in parse
    raise self.error(token, e)
  File "/home/destin/Projets/UrbanTrack/env/lib/python3.12/site-packages/django/template/base.py", line 554, in parse
    filter_expression = self.compile_filter(token.contents)
                        ^^^^^^^^^^^^^^^^^^^^^^^^^^^^^^^^^^^
  File "/home/destin/Projets/UrbanTrack/env/lib/python3.12/site-packages/django/template/base.py", line 693, in compile_filter
    return FilterExpression(token, self)
           ^^^^^^^^^^^^^^^^^^^^^^^^^^^^^
  File "/home/destin/Projets/UrbanTrack/env/lib/python3.12/site-packages/django/template/base.py", line 789, in __init__
    self.args_check(filter_name, filter_func, args)
  File "/home/destin/Projets/UrbanTrack/env/lib/python3.12/site-packages/django/template/base.py", line 851, in args_check
    raise TemplateSyntaxError(
django.template.exceptions.TemplateSyntaxError: Template: /home/destin/Projets/UrbanTrack/templates/cv/world_bank_new.html, join requires 2 arguments, 1 provided

======================================================================
ERROR: test_all_skins_render_in_both_languages (cv_generator.tests.EngineTests.test_all_skins_render_in_both_languages)
----------------------------------------------------------------------
Traceback (most recent call last):
  File "/home/destin/Projets/UrbanTrack/cv_generator/tests.py", line 202, in test_all_skins_render_in_both_languages
    html = render_cv_html(context, skin, lang)
           ^^^^^^^^^^^^^^^^^^^^^^^^^^^^^^^^^^^
  File "/home/destin/Projets/UrbanTrack/cv_generator/engine.py", line 902, in render_cv_html
    return render_to_string(
           ^^^^^^^^^^^^^^^^^
  File "/home/destin/Projets/UrbanTrack/env/lib/python3.12/site-packages/django/template/loader.py", line 61, in render_to_string
    template = get_template(template_name, using=using)
               ^^^^^^^^^^^^^^^^^^^^^^^^^^^^^^^^^^^^^^^^
  File "/home/destin/Projets/UrbanTrack/env/lib/python3.12/site-packages/django/template/loader.py", line 15, in get_template
    return engine.get_template(template_name)
           ^^^^^^^^^^^^^^^^^^^^^^^^^^^^^^^^^^
  File "/home/destin/Projets/UrbanTrack/env/lib/python3.12/site-packages/django/template/backends/django.py", line 79, in get_template
    return Template(self.engine.get_template(template_name), self)
                    ^^^^^^^^^^^^^^^^^^^^^^^^^^^^^^^^^^^^^^^
  File "/home/destin/Projets/UrbanTrack/env/lib/python3.12/site-packages/django/template/engine.py", line 186, in get_template
    template, origin = self.find_template(template_name)
                       ^^^^^^^^^^^^^^^^^^^^^^^^^^^^^^^^^
  File "/home/destin/Projets/UrbanTrack/env/lib/python3.12/site-packages/django/template/engine.py", line 159, in find_template
    template = loader.get_template(name, skip=skip)
               ^^^^^^^^^^^^^^^^^^^^^^^^^^^^^^^^^^^^
  File "/home/destin/Projets/UrbanTrack/env/lib/python3.12/site-packages/django/template/loaders/cached.py", line 57, in get_template
    template = super().get_template(template_name, skip)
               ^^^^^^^^^^^^^^^^^^^^^^^^^^^^^^^^^^^^^^^^^
  File "/home/destin/Projets/UrbanTrack/env/lib/python3.12/site-packages/django/template/loaders/base.py", line 28, in get_template
    return Template(
           ^^^^^^^^^
  File "/home/destin/Projets/UrbanTrack/env/lib/python3.12/site-packages/django/template/base.py", line 157, in __init__
    self.nodelist = self.compile_nodelist()
                    ^^^^^^^^^^^^^^^^^^^^^^^
  File "/home/destin/Projets/UrbanTrack/env/lib/python3.12/site-packages/django/template/base.py", line 199, in compile_nodelist
    nodelist = parser.parse()
               ^^^^^^^^^^^^^^
  File "/home/destin/Projets/UrbanTrack/env/lib/python3.12/site-packages/django/template/base.py", line 602, in parse
    raise self.error(token, e)
  File "/home/destin/Projets/UrbanTrack/env/lib/python3.12/site-packages/django/template/base.py", line 600, in parse
    compiled_result = compile_func(self, token)
                      ^^^^^^^^^^^^^^^^^^^^^^^^^
  File "/home/destin/Projets/UrbanTrack/env/lib/python3.12/site-packages/django/template/defaulttags.py", line 994, in do_if
    nodelist = parser.parse(("elif", "else", "endif"))
               ^^^^^^^^^^^^^^^^^^^^^^^^^^^^^^^^^^^^^^^
  File "/home/destin/Projets/UrbanTrack/env/lib/python3.12/site-packages/django/template/base.py", line 556, in parse
    raise self.error(token, e)
  File "/home/destin/Projets/UrbanTrack/env/lib/python3.12/site-packages/django/template/base.py", line 554, in parse
    filter_expression = self.compile_filter(token.contents)
                        ^^^^^^^^^^^^^^^^^^^^^^^^^^^^^^^^^^^
  File "/home/destin/Projets/UrbanTrack/env/lib/python3.12/site-packages/django/template/base.py", line 693, in compile_filter
    return FilterExpression(token, self)
           ^^^^^^^^^^^^^^^^^^^^^^^^^^^^^
  File "/home/destin/Projets/UrbanTrack/env/lib/python3.12/site-packages/django/template/base.py", line 789, in __init__
    self.args_check(filter_name, filter_func, args)
  File "/home/destin/Projets/UrbanTrack/env/lib/python3.12/site-packages/django/template/base.py", line 851, in args_check
    raise TemplateSyntaxError(
django.template.exceptions.TemplateSyntaxError: Template: /home/destin/Projets/UrbanTrack/templates/cv/world_bank_new.html, join requires 2 arguments, 1 provided

======================================================================
ERROR: test_docx_export_is_editable_word_document (cv_generator.tests.EngineTests.test_docx_export_is_editable_word_document)
----------------------------------------------------------------------
Traceback (most recent call last):
  File "/home/destin/Projets/UrbanTrack/cv_generator/tests.py", line 213, in test_docx_export_is_editable_word_document
    from docx import Document
ModuleNotFoundError: No module named 'docx'

======================================================================
FAIL: test_named_expert_sees_declaration_and_actions (certification.tests.test_review_route.ContributionReviewTests.test_named_expert_sees_declaration_and_actions)
----------------------------------------------------------------------
Traceback (most recent call last):
  File "/home/destin/Projets/UrbanTrack/certification/tests/test_review_route.py", line 46, in test_named_expert_sees_declaration_and_actions
    self.assertIn("Confirm as-is", content)
AssertionError: 'Confirm as-is' not found in '\n<!DOCTYPE html>\n<html lang="fr">\n<head>\n  <meta charset="UTF-8">\n  <meta http-equiv="Content-Language" content="fr">\n  <meta name="language" content="fr">\n  <meta name="viewport" content="width=device-width, initial-scale=1.0">\n  <title>Confirmez votre contribution à Rehabilitation of the Grand Marche district : Urban Track</title>\n  <meta name="description" content="Urban Track : la couche de confiance du développement urbain">\n  <meta property="og:type" content="website">\n  <meta property="og:title" content="Urban Track : la couche de confiance du développement urbain">\n  <meta property="og:description" content="Urban Track : la couche de confiance du développement urbain">\n  <meta property="og:url" content="">\n  <meta property="og:image" content="">\n  <meta name="twitter:card" content="summary_large_image">\n  <meta name="twitter:title" content="Urban Track : la couche de confiance du développement urbain">\n  <meta name="twitter:description" content="Urban Track : la couche de confiance du développement urbain">\n  <meta name="twitter:image" content="">\n\n  \n  <style>\n    :root {\n      color-scheme: light;\n    }\n  </style>\n\n  \n  <script src="/static/vendor/tailwind.7a614b9a197e.js"></script>\n  <script>\n    tailwind.config = {\n      theme: {\n        extend: {\n          colors: {\n            military: {\n              50: \'#f2f4ec\', 100: \'#e1e6cf\', 300: \'#a9b57a\',\n              500: \'#5c6b2f\', 700: \'#3f4a20\', 900: \'#2a3116\',\n            },\n            accent: {\n              50: \'#fdf2f8\', 300: \'#f9a8d4\', 500: \'#ec4899\',\n              700: \'#be185d\',\n            },\n            charcoal: {\n              50: \'#f5f5f4\', 300: \'#a8a8a6\', 700: \'#3f3f3e\', 900: \'#1c1c1b\',\n            },\n          },\n        },\n      },\n    };\n  </script>\n\n  <style type="text/tailwindcss">\n    @layer components {\n      /* Primary button: institutional trust (military green) */\n      .btn-primary {\n        @apply inline-flex items-center justify-center gap-2 rounded-md bg-military-500\n               px-4 py-2 text-sm font-semibold text-white shadow-sm transition\n               hover:bg-military-700 focus:outline-none focus-visible:ring-2\n               focus-visible:ring-military-300 disabled:opacity-50;\n      }\n      /* Action button: live actions, CTAs (pink accent, used sparingly) */\n      .btn-accent {\n        @apply inline-flex items-center justify-center gap-2 rounded-md bg-accent-500\n               px-4 py-2 text-sm font-semibold text-white shadow-sm transition\n               hover:bg-accent-700 focus:outline-none focus-visible:ring-2\n               focus-visible:ring-accent-300 disabled:opacity-50;\n      }\n      .btn-outline {\n        @apply inline-flex items-center justify-center gap-2 rounded-md border\n               border-military-500 px-4 py-2 text-sm font-semibold text-military-700\n               transition hover:bg-military-50 focus:outline-none focus-visible:ring-2\n               focus-visible:ring-military-300;\n      }\n      .card {\n        @apply rounded-xl border border-charcoal-900/10 bg-white p-6 shadow-sm;\n      }\n      /* Project card: clickable surface linking to a public project page */\n      .card-project {\n        @apply rounded-xl border border-charcoal-900/10 bg-white p-5 shadow-sm\n               transition hover:border-military-500 hover:shadow-md;\n      }\n      /* Expert profile card: ResearchGate-style compact identity block */\n      .card-expert {\n        @apply rounded-xl border border-charcoal-900/10 bg-white p-5 shadow-sm\n               transition hover:border-accent-500 hover:shadow-md;\n      }\n      .role-chip {\n        @apply inline-flex items-center rounded-md bg-military-50 px-2 py-0.5\n               text-[11px] font-bold uppercase tracking-wider text-military-700;\n      }\n      .stat-value {\n        @apply text-3xl font-black tracking-tight text-military-900;\n      }\n      .stat-label {\n        @apply mt-1 text-xs font-medium uppercase tracking-wide text-charcoal-300;\n      }\n      .section-title {\n        @apply text-lg font-bold tracking-tight text-charcoal-900;\n      }\n      /* Badge "Certified via cross-confirmation" (green + check icon) */\n      .badge-certified {\n        @apply inline-flex items-center gap-1 rounded-full bg-military-100 px-2.5\n               py-0.5 text-xs font-semibold text-military-700;\n      }\n      /* Badge "Pending confirmation" (neutral pink/orange) */\n      .badge-pending {\n        @apply inline-flex items-center gap-1 rounded-full bg-accent-50 px-2.5\n               py-0.5 text-xs font-semibold text-accent-700;\n      }\n      .badge-rejected {\n        @apply inline-flex items-center gap-1 rounded-full bg-red-50 px-2.5\n               py-0.5 text-xs font-semibold text-red-700;\n      }\n      /* Form system: explicit colors so OS dark mode can never invert them */\n      .form-label {\n        @apply block text-sm font-semibold text-charcoal-900;\n      }\n      .form-input {\n        @apply mt-1 block w-full rounded-md border border-charcoal-900/25 bg-white\n               px-3 py-2 text-sm font-normal text-charcoal-900 shadow-none\n               placeholder:font-normal placeholder:text-charcoal-300\n               focus:border-military-500 focus:outline-none focus:ring-2\n               focus:ring-military-300 disabled:cursor-not-allowed disabled:bg-charcoal-50;\n      }\n      textarea.form-input { @apply min-h-[6rem] leading-relaxed; }\n      .form-help {\n        @apply mt-1 text-xs leading-snug text-charcoal-300;\n      }\n      .form-error {\n        @apply mt-1 list-inside list-disc rounded-md bg-red-50 px-3 py-2\n               text-xs font-medium text-red-700;\n      }\n    }\n  </style>\n\n  <style>\n    select.form-input {\n      appearance: none;\n      background-image: url("data:image/svg+xml;charset=utf-8,%3Csvg xmlns=\'http://www.w3.org/2000/svg\' fill=\'none\' viewBox=\'0 0 24 24\' stroke=\'%23374151\' stroke-width=\'2\'%3E%3Cpath stroke-linecap=\'round\' stroke-linejoin=\'round\' d=\'M19 9l-7 7-7-7\'/%3E%3C/svg%3E");\n      background-size: 1rem;\n      background-position: right 0.6rem center;\n      background-repeat: no-repeat;\n      padding-right: 2.25rem;\n    }\n  </style>\n\n  \n</head>\n\n<body class="flex min-h-screen flex-col bg-white font-sans text-charcoal-900 antialiased">\n\n  \n  <!-- Header / main navigation: military green = institutional trust -->\n  <header class="relative bg-military-900 text-white">\n    <div class="mx-auto flex max-w-7xl items-center justify-between gap-3 px-4 py-3 sm:px-6 lg:px-8">\n      <input type="checkbox" id="nav-toggle" class="peer hidden" aria-hidden="true">\n      <a href="/" class="flex items-center gap-2 text-lg font-bold tracking-tight">\n        <span aria-hidden="true" class="grid h-8 w-8 place-items-center rounded-md bg-accent-500 text-sm font-black">UT</span>\n        Urban&nbsp;Track\n      </a>\n      <nav class="absolute inset-x-0 top-full z-10 hidden flex-col gap-1 border-t border-white/10 bg-military-900 px-4 py-4 peer-checked:flex md:relative md:flex md:flex-row md:items-center md:gap-6 md:border-0 md:bg-transparent md:p-0" aria-label="Main navigation">\n        \n        <a href="/dashboard/" class="rounded-md px-3 py-2 text-sm font-medium text-military-100 hover:bg-white/5 hover:text-white md:px-0 md:py-0">Tableau de bord</a>\n        \n        <a href="/projects/" class="rounded-md px-3 py-2 text-sm font-medium text-military-100 hover:bg-white/5 hover:text-white md:px-0 md:py-0">Projets</a>\n        <a href="/experts/" class="rounded-md px-3 py-2 text-sm font-medium text-military-100 hover:bg-white/5 hover:text-white md:px-0 md:py-0">Experts</a>\n        <a href="/jobs/" class="rounded-md px-3 py-2 text-sm font-medium text-military-100 hover:bg-white/5 hover:text-white md:px-0 md:py-0">Missions</a>\n        <a href="/about/" class="rounded-md px-3 py-2 text-sm font-medium text-military-100 hover:bg-white/5 hover:text-white md:px-0 md:py-0">À propos</a>\n      </nav>\n      <div class="flex items-center gap-3">\n        \n        <details class="group relative hidden sm:block">\n          <summary class="flex cursor-pointer list-none items-center gap-2 rounded-md px-2 py-1.5 text-sm font-medium text-military-100 hover:bg-white/5 hover:text-white" aria-haspopup="true">\n            \n            <span aria-hidden="true" class="grid h-6 w-6 place-items-center rounded-full bg-accent-500 text-xs font-black text-white">\n              AD\n            </span>\n            \n            <span>Aminata Diallo</span>\n            <svg xmlns="http://www.w3.org/2000/svg" viewBox="0 0 20 20" fill="currentColor" class="h-3.5 w-3.5 text-military-300">\n              <path fill-rule="evenodd" d="M5.23 7.21a.75.75 0 011.06.02L10 11.168l3.71-3.938a.75.75 0 111.08 1.04l-4.25 4.5a.75.75 0 01-1.08 0l-4.25-4.5a.75.75 0 01.02-1.06z" clip-rule="evenodd" />\n            </svg>\n          </summary>\n          <div class="absolute right-0 z-20 mt-2 w-56 rounded-lg border border-white/10 bg-white p-1.5 text-charcoal-900 shadow-xl">\n            <a href="/dashboard/" class="flex items-center gap-2.5 rounded-md px-3 py-2 text-sm font-medium hover:bg-military-50">\n              <svg xmlns="http://www.w3.org/2000/svg" viewBox="0 0 20 20" fill="currentColor" class="h-4 w-4 text-military-700">\n                <path d="M10.707 2.293a1 1 0 00-1.414 0l-7 7a1 1 0 001.414 1.414L4 10.414V17a1 1 0 001 1h2a1 1 0 001-1v-2a1 1 0 011-1h2a1 1 0 011 1v2a1 1 0 001 1h2a1 1 0 001-1v-6.586l.293.293a1 1 0 001.414-1.414l-7-7z" />\n              </svg>\n              Tableau de bord\n            </a>\n            \n            <a href="/experts/OX-JJ7CW6/" class="flex items-center gap-2.5 rounded-md px-3 py-2 text-sm font-medium hover:bg-military-50">\n              <svg xmlns="http://www.w3.org/2000/svg" viewBox="0 0 20 20" fill="currentColor" class="h-4 w-4 text-military-700">\n                <path d="M10 8a3 3 0 100-6 3 3 0 000 6zM3.465 14.493a1.23 1.23 0 00.41 1.412A9.957 9.957 0 0010 18c2.31 0 4.438-.784 6.131-2.1.43-.333.604-.903.408-1.41a7.002 7.002 0 00-13.074.003z" />\n              </svg>\n              Mon profil public\n            </a>\n            \n            <a href="/settings/" class="flex items-center gap-2.5 rounded-md px-3 py-2 text-sm font-medium hover:bg-military-50">\n              <svg xmlns="http://www.w3.org/2000/svg" viewBox="0 0 20 20" fill="currentColor" class="h-4 w-4 text-military-700">\n                <path fill-rule="evenodd" d="M7.84 1.804A1 1 0 018.82 1h2.36a1 1 0 01.98.804l.331 1.652a6.993 6.993 0 011.929 1.115l1.598-.54a1 1 0 011.186.447l1.18 2.044a1 1 0 01-.205 1.251l-1.267 1.113a7.047 7.047 0 010 2.228l1.267 1.113a1 1 0 01.206 1.25l-1.18 2.045a1 1 0 01-1.187.447l-1.598-.54a6.993 6.993 0 01-1.929 1.115l-.33 1.652a1 1 0 01-.98.804H8.82a1 1 0 01-.98-.804l-.331-1.652a6.993 6.993 0 01-1.929-1.115l-1.598.54a1 1 0 01-1.186-.447l-1.18-2.044a1 1 0 01.205-1.251l1.267-1.114a7.05 7.05 0 010-2.227L1.821 7.773a1 1 0 01-.206-1.25l1.18-2.045a1 1 0 011.187-.447l1.598.54A6.993 6.993 0 017.51 3.456l.33-1.652zM10 13a3 3 0 100-6 3 3 0 000 6z" clip-rule="evenodd" />\n              </svg>\n              Paramètres du compte\n            </a>\n            \n            <div class="my-1 border-t border-charcoal-900/10"></div>\n            <form method="post" action="/logout/" class="m-0">\n              <input type="hidden" name="csrfmiddlewaretoken" value="joU4xMl79dwoXq4V3sOwSCwAXYMs3rEzqvZGiKt5AX2tgIeaR4KaGkUUyfR0JwaG">\n              <button type="submit" class="flex w-full items-center gap-2.5 rounded-md px-3 py-2 text-left text-sm font-medium text-charcoal-700 hover:bg-red-50 hover:text-red-700">\n                <svg xmlns="http://www.w3.org/2000/svg" viewBox="0 0 20 20" fill="currentColor" class="h-4 w-4">\n                  <path fill-rule="evenodd" d="M3 4.25A2.25 2.25 0 015.25 2h5.5A2.25 2.25 0 0113 4.25v2a.75.75 0 01-1.5 0v-2a.75.75 0 00-.75-.75h-5.5a.75.75 0 00-.75.75v11.5c0 .414.336.75.75.75h5.5a.75.75 0 00.75-.75v-2a.75.75 0 011.5 0v2A2.25 2.25 0 018.75 18h-5.5A2.25 2.25 0 011 15.75V4.25zm10.6 9.92a.75.75 0 010-1.06l1.25-1.25H9.25a.75.75 0 010-1.5h5.6l-1.25-1.25a.75.75 0 111.06-1.06l2.5 2.5a.75.75 0 010 1.06l-2.5 2.5a.75.75 0 01-1.06 0z" clip-rule="evenodd" />\n                </svg>\n                Se déconnecter\n              </button>\n            </form>\n          </div>\n        </details>\n        <a href="/dashboard/" class="text-sm font-medium text-military-100 hover:text-white sm:hidden">Aminata Diallo</a>\n        <button type="button" form="logout-form-mobile" class="text-sm font-medium text-military-100 hover:text-white sm:hidden">Déconnexion</button>\n        <form id="logout-form-mobile" method="post" action="/logout/" class="m-0 hidden">\n          <input type="hidden" name="csrfmiddlewaretoken" value="joU4xMl79dwoXq4V3sOwSCwAXYMs3rEzqvZGiKt5AX2tgIeaR4KaGkUUyfR0JwaG">\n        </form>\n        \n        <label for="nav-toggle" class="-m-1 cursor-pointer p-1 md:hidden" role="button" aria-label="Ouvrir le menu" tabindex="0">\n          <svg xmlns="http://www.w3.org/2000/svg" viewBox="0 0 24 24" fill="none" stroke="currentColor" stroke-width="2" stroke-linecap="round" class="h-6 w-6">\n            <path d="M4 7h16M4 12h16M4 17h16" />\n          </svg>\n        </label>\n      </div>\n    </div>\n  </header>\n  \n\n  <!-- Content -->\n  <main class="flex-1">\n    \n    \n  <div class="mx-auto max-w-3xl px-4 py-12 sm:px-6">\n    <!-- Récapitulatif de la déclaration : pré-remplie par la structure qui publie -->\n    <p class="text-sm font-medium uppercase tracking-wide text-charcoal-300">Invitation à confirmer une contribution</p>\n    <h1 class="mt-1 text-2xl font-black tracking-tight sm:text-3xl">\n      btp@example.com vous a identifié comme\n      <span class="role-chip align-middle">Directeur</span>\n      sur\n    </h1>\n    <h2 class="mt-2 text-xl font-bold text-military-700">Rehabilitation of the Grand Marche district</h2>\n    <p class="mt-1 text-sm text-charcoal-700">\n      Municipality of Cotonou\n      · Jan 2024\n      – Jui 2025\n    </p>\n\n    <div class="card mt-6">\n      <h3 class="section-title mb-3">Contribution proposée</h3>\n      <ul class="list-disc space-y-1 pl-5 text-sm text-charcoal-700">\n        \n          <li>Led the feasibility study</li>\n        \n      </ul>\n      <p class="mt-4 text-xs text-charcoal-300">\n        \n          Déclarée par btp@example.com · examen demandé via votre tableau de bord\n        \n      </p>\n    </div>\n\n    <!-- Panneaux selon le statut -->\n    \n\n      <!-- Création de compte intégrée : sans friction, email verrouillé sur l\'invitation (spec 02 §4.4) -->\n      \n\n      <!-- Les trois actions de l\'expert (spec Epic 3) + contestation (Epic 5) -->\n      <div class="mt-6 space-y-4">\n        <form method="post" class="card flex flex-col items-start justify-between gap-4 sm:flex-row sm:items-center">\n          <input type="hidden" name="csrfmiddlewaretoken" value="joU4xMl79dwoXq4V3sOwSCwAXYMs3rEzqvZGiKt5AX2tgIeaR4KaGkUUyfR0JwaG">\n          <input type="hidden" name="action" value="confirm">\n          <p class="text-sm text-charcoal-700">\n            Confirmez que cette déclaration reflète ce que vous avez réellement\n            livré. Elle devient certifiée immédiatement.\n          </p>\n          <button type="submit" class="btn-primary shrink-0">\n            <svg xmlns="http://www.w3.org/2000/svg" viewBox="0 0 20 20" fill="currentColor" class="h-4 w-4"><path fill-rule="evenodd" d="M16.704 4.153a.75.75 0 01.143 1.052l-8 10.5a.75.75 0 01-1.127.075l-4.5-4.5a.75.75 0 011.06-1.06l3.894 3.893 7.48-9.817a.75.75 0 011.05-.143z" clip-rule="evenodd"/></svg>\n            Confirmer telle quelle\n          </button>\n        </form>\n\n        <details class="card">\n          <summary class="cursor-pointer text-sm font-semibold text-accent-700">Ajuster la formulation avant de confirmer</summary>\n          <form method="post" class="mt-4 space-y-3">\n            <input type="hidden" name="csrfmiddlewaretoken" value="joU4xMl79dwoXq4V3sOwSCwAXYMs3rEzqvZGiKt5AX2tgIeaR4KaGkUUyfR0JwaG">\n            <input type="hidden" name="action" value="adjust">\n            <div>\n              <label for="adj_role" class="block text-sm font-semibold">Rôle</label>\n              <select name="role_type" id="adj_role"\n                      class="form-input sm:w-auto">\n                \n                  <option value="director" selected>Directeur</option>\n                \n                  <option value="manager" >Responsable</option>\n                \n                  <option value="assistant" >Assistant</option>\n                \n                  <option value="specialist" >Spécialiste</option>\n                \n                  <option value="consultant" >Consultant</option>\n                \n                  <option value="engineer" >Ingénieur</option>\n                \n                  <option value="other" >Autre</option>\n                \n              </select>\n            </div>\n            <div>\n              <label for="adj_bullets" class="block text-sm font-semibold">Votre contribution réelle</label>\n              <textarea name="contribution_bullets" id="adj_bullets" rows="4" required\n                        placeholder="Une réalisation par ligne"\n                        class="form-input">Led the feasibility study</textarea>\n              <p class="mt-1 text-xs text-charcoal-300">\n                Les ajustements sont renvoyés à btp@example.com pour validation\n                avant certification.\n              </p>\n            </div>\n            <button type="submit" class="btn-accent">Envoyer la formulation ajustée</button>\n          </form>\n        </details>\n\n        <details class="card">\n          <summary class="cursor-pointer text-sm font-semibold text-charcoal-700">Je n\'ai pas contribué à ce projet</summary>\n          <form method="post" class="mt-4 space-y-3">\n            <input type="hidden" name="csrfmiddlewaretoken" value="joU4xMl79dwoXq4V3sOwSCwAXYMs3rEzqvZGiKt5AX2tgIeaR4KaGkUUyfR0JwaG">\n            <input type="hidden" name="action" value="reject">\n            <div>\n              <label for="rej_reason" class="block text-sm font-semibold">Raison (facultatif)</label>\n              <textarea name="reason" id="rej_reason" rows="2"\n                        class="form-input"></textarea>\n            </div>\n            <button type="submit" class="btn-outline !border-charcoal-900/30 !text-charcoal-700 hover:!bg-charcoal-50">Refuser la déclaration</button>\n          </form>\n        </details>\n\n        <details class="card">\n          <summary class="cursor-pointer text-sm font-semibold text-charcoal-700">J\'ai contribué différemment / je conteste cette déclaration</summary>\n          <form method="post" class="mt-4 space-y-3">\n            <input type="hidden" name="csrfmiddlewaretoken" value="joU4xMl79dwoXq4V3sOwSCwAXYMs3rEzqvZGiKt5AX2tgIeaR4KaGkUUyfR0JwaG">\n            <input type="hidden" name="action" value="dispute">\n            <div>\n              <label for="dis_reason" class="block text-sm font-semibold">Pourquoi la contestez-vous ? (obligatoire)</label>\n              <textarea name="reason" id="dis_reason" rows="2" required\n                        class="form-input"></textarea>\n              <p class="mt-1 text-xs text-charcoal-300">Un administrateur arbitrera entre vous et btp@example.com.</p>\n            </div>\n            <button type="submit" class="btn-outline !border-red-300 !text-red-700 hover:!bg-red-50">Ouvrir une contestation</button>\n          </form>\n        </details>\n      </div>\n    \n  </div>\n\n  </main>\n\n  \n  <!-- Footer: charcoal = strong contrast -->\n  <footer class="bg-charcoal-900 text-charcoal-300">\n    <div class="mx-auto flex max-w-7xl flex-col gap-2 px-4 py-6 text-sm sm:flex-row sm:items-center sm:justify-between sm:px-6 lg:px-8">\n      <p>&copy; 2026 Urban Track : la couche de confiance du développement urbain en Afrique. Tous droits réservés.</p>\n      <p>Chaque expérience renvoie à un projet documenté et à une contribution confirmée par les parties.</p>\n      <p>Développé avec méthode par <a href="https://www.codegrowthalive.com" class="text-charcoal-100 underline decoration-accent-500 text-bold hover:text-white">Code, Growth Alive</a></p>\n    </div>\n  </footer>\n  \n\n</body>\n</html>\n'

======================================================================
FAIL: test_public_profile_shows_certified_indicators (cv_generator.tests.CertifiedIndicatorsTests.test_public_profile_shows_certified_indicators)
----------------------------------------------------------------------
Traceback (most recent call last):
  File "/home/destin/Projets/UrbanTrack/cv_generator/tests.py", line 714, in test_public_profile_shows_certified_indicators
    self.assertContains(response, "Certified indicators")
AssertionError: False is not true : Couldn't find 'Certified indicators' in the following response
b'\n<!DOCTYPE html>\n<html lang="fr">\n<head>\n  <meta charset="UTF-8">\n  <meta http-equiv="Content-Language" content="fr">\n  <meta name="language" content="fr">\n  <meta name="viewport" content="width=device-width, initial-scale=1.0">\n  <title>Moussa Fall (OX-DW3WHA) : Urban Track</title>\n  <meta name="description" content="Profil public de Moussa Fall sur Urban Track.">\n  <meta property="og:type" content="website">\n  <meta property="og:title" content="Moussa Fall : Urban Track">\n  <meta property="og:description" content="Profil public de Moussa Fall sur Urban Track.">\n  <meta property="og:url" content="http://testserver/experts/OX-DW3WHA/">\n  <meta property="og:image" content="http://testserver/static/img/hero-city.fe156585c8c1.jpg">\n  <meta name="twitter:card" content="summary_large_image">\n  <meta name="twitter:title" content="Moussa Fall : Urban Track">\n  <meta name="twitter:description" content="Profil public de Moussa Fall sur Urban Track.">\n  <meta name="twitter:image" content="http://testserver/static/img/hero-city.fe156585c8c1.jpg">\n\n  \n  <style>\n    :root {\n      color-scheme: light;\n    }\n  </style>\n\n  \n  <script src="/static/vendor/tailwind.7a614b9a197e.js"></script>\n  <script>\n    tailwind.config = {\n      theme: {\n        extend: {\n          colors: {\n            military: {\n              50: \'#f2f4ec\', 100: \'#e1e6cf\', 300: \'#a9b57a\',\n              500: \'#5c6b2f\', 700: \'#3f4a20\', 900: \'#2a3116\',\n            },\n            accent: {\n              50: \'#fdf2f8\', 300: \'#f9a8d4\', 500: \'#ec4899\',\n              700: \'#be185d\',\n            },\n            charcoal: {\n              50: \'#f5f5f4\', 300: \'#a8a8a6\', 700: \'#3f3f3e\', 900: \'#1c1c1b\',\n            },\n          },\n        },\n      },\n    };\n  </script>\n\n  <style type="text/tailwindcss">\n    @layer components {\n      /* Primary button: institutional trust (military green) */\n      .btn-primary {\n        @apply inline-flex items-center justify-center gap-2 rounded-md bg-military-500\n               px-4 py-2 text-sm font-semibold text-white shadow-sm transition\n               hover:bg-military-700 focus:outline-none focus-visible:ring-2\n               focus-visible:ring-military-300 disabled:opacity-50;\n      }\n      /* Action button: live actions, CTAs (pink accent, used sparingly) */\n      .btn-accent {\n        @apply inline-flex items-center justify-center gap-2 rounded-md bg-accent-500\n               px-4 py-2 text-sm font-semibold text-white shadow-sm transition\n               hover:bg-accent-700 focus:outline-none focus-visible:ring-2\n               focus-visible:ring-accent-300 disabled:opacity-50;\n      }\n      .btn-outline {\n        @apply inline-flex items-center justify-center gap-2 rounded-md border\n               border-military-500 px-4 py-2 text-sm font-semibold text-military-700\n               transition hover:bg-military-50 focus:outline-none focus-visible:ring-2\n               focus-visible:ring-military-300;\n      }\n      .card {\n        @apply rounded-xl border border-charcoal-900/10 bg-white p-6 shadow-sm;\n      }\n      /* Project card: clickable surface linking to a public project page */\n      .card-project {\n        @apply rounded-xl border border-charcoal-900/10 bg-white p-5 shadow-sm\n               transition hover:border-military-500 hover:shadow-md;\n      }\n      /* Expert profile card: ResearchGate-style compact identity block */\n      .card-expert {\n        @apply rounded-xl border border-charcoal-900/10 bg-white p-5 shadow-sm\n               transition hover:border-accent-500 hover:shadow-md;\n      }\n      .role-chip {\n        @apply inline-flex items-center rounded-md bg-military-50 px-2 py-0.5\n               text-[11px] font-bold uppercase tracking-wider text-military-700;\n      }\n      .stat-value {\n        @apply text-3xl font-black tracking-tight text-military-900;\n      }\n      .stat-label {\n        @apply mt-1 text-xs font-medium uppercase tracking-wide text-charcoal-300;\n      }\n      .section-title {\n        @apply text-lg font-bold tracking-tight text-charcoal-900;\n      }\n      /* Badge "Certified via cross-confirmation" (green + check icon) */\n      .badge-certified {\n        @apply inline-flex items-center gap-1 rounded-full bg-military-100 px-2.5\n               py-0.5 text-xs font-semibold text-military-700;\n      }\n      /* Badge "Pending confirmation" (neutral pink/orange) */\n      .badge-pending {\n        @apply inline-flex items-center gap-1 rounded-full bg-accent-50 px-2.5\n               py-0.5 text-xs font-semibold text-accent-700;\n      }\n      .badge-rejected {\n        @apply inline-flex items-center gap-1 rounded-full bg-red-50 px-2.5\n               py-0.5 text-xs font-semibold text-red-700;\n      }\n      /* Form system: explicit colors so OS dark mode can never invert them */\n      .form-label {\n        @apply block text-sm font-semibold text-charcoal-900;\n      }\n      .form-input {\n        @apply mt-1 block w-full rounded-md border border-charcoal-900/25 bg-white\n               px-3 py-2 text-sm font-normal text-charcoal-900 shadow-none\n               placeholder:font-normal placeholder:text-charcoal-300\n               focus:border-military-500 focus:outline-none focus:ring-2\n               focus:ring-military-300 disabled:cursor-not-allowed disabled:bg-charcoal-50;\n      }\n      textarea.form-input { @apply min-h-[6rem] leading-relaxed; }\n      .form-help {\n        @apply mt-1 text-xs leading-snug text-charcoal-300;\n      }\n      .form-error {\n        @apply mt-1 list-inside list-disc rounded-md bg-red-50 px-3 py-2\n               text-xs font-medium text-red-700;\n      }\n    }\n  </style>\n\n  <style>\n    select.form-input {\n      appearance: none;\n      background-image: url("data:image/svg+xml;charset=utf-8,%3Csvg xmlns=\'http://www.w3.org/2000/svg\' fill=\'none\' viewBox=\'0 0 24 24\' stroke=\'%23374151\' stroke-width=\'2\'%3E%3Cpath stroke-linecap=\'round\' stroke-linejoin=\'round\' d=\'M19 9l-7 7-7-7\'/%3E%3C/svg%3E");\n      background-size: 1rem;\n      background-position: right 0.6rem center;\n      background-repeat: no-repeat;\n      padding-right: 2.25rem;\n    }\n  </style>\n\n  \n</head>\n\n<body class="flex min-h-screen flex-col bg-white font-sans text-charcoal-900 antialiased">\n\n  \n  <!-- Header / main navigation: military green = institutional trust -->\n  <header class="relative bg-military-900 text-white">\n    <div class="mx-auto flex max-w-7xl items-center justify-between gap-3 px-4 py-3 sm:px-6 lg:px-8">\n      <input type="checkbox" id="nav-toggle" class="peer hidden" aria-hidden="true">\n      <a href="/" class="flex items-center gap-2 text-lg font-bold tracking-tight">\n        <span aria-hidden="true" class="grid h-8 w-8 place-items-center rounded-md bg-accent-500 text-sm font-black">UT</span>\n        Urban&nbsp;Track\n      </a>\n      <nav class="absolute inset-x-0 top-full z-10 hidden flex-col gap-1 border-t border-white/10 bg-military-900 px-4 py-4 peer-checked:flex md:relative md:flex md:flex-row md:items-center md:gap-6 md:border-0 md:bg-transparent md:p-0" aria-label="Main navigation">\n        \n        <a href="/projects/" class="rounded-md px-3 py-2 text-sm font-medium text-military-100 hover:bg-white/5 hover:text-white md:px-0 md:py-0">Projets</a>\n        <a href="/experts/" class="rounded-md px-3 py-2 text-sm font-medium text-military-100 hover:bg-white/5 hover:text-white md:px-0 md:py-0">Experts</a>\n        <a href="/jobs/" class="rounded-md px-3 py-2 text-sm font-medium text-military-100 hover:bg-white/5 hover:text-white md:px-0 md:py-0">Missions</a>\n        <a href="/about/" class="rounded-md px-3 py-2 text-sm font-medium text-military-100 hover:bg-white/5 hover:text-white md:px-0 md:py-0">\xc3\x80 propos</a>\n      </nav>\n      <div class="flex items-center gap-3">\n        \n        <a href="/login/" class="hidden text-sm font-medium text-military-100 hover:text-white sm:block">Connexion</a>\n        <a href="/signup/" class="btn-accent !px-3 !py-1.5">S\'inscrire</a>\n        \n        <label for="nav-toggle" class="-m-1 cursor-pointer p-1 md:hidden" role="button" aria-label="Ouvrir le menu" tabindex="0">\n          <svg xmlns="http://www.w3.org/2000/svg" viewBox="0 0 24 24" fill="none" stroke="currentColor" stroke-width="2" stroke-linecap="round" class="h-6 w-6">\n            <path d="M4 7h16M4 12h16M4 17h16" />\n          </svg>\n        </label>\n      </div>\n    </div>\n  </header>\n  \n\n  <!-- Content -->\n  <main class="flex-1">\n    \n    \n  <!-- Bandeau : vert militaire = confiance institutionnelle ; pastille OX-ID permanente -->\n  <section class="bg-military-900 text-white">\n    <div class="mx-auto max-w-7xl px-4 py-10 sm:px-6 lg:px-8">\n      <div class="flex flex-col gap-6 sm:flex-row sm:items-center">\n        <div class="grid h-24 w-24 shrink-0 place-items-center overflow-hidden rounded-full bg-white text-3xl font-black text-military-900">\n          \n            MF\n          \n        </div>\n        <div>\n          <h1 class="text-3xl font-black tracking-tight">\n            Moussa Fall\n          </h1>\n          <p class="mt-1 font-mono text-sm text-military-300">ID OX-DW3WHA</p>\n          \n          \n        </div>\n        <div class="sm:ml-auto sm:text-right">\n          <p\n            class="stat-value !text-white"\n            title="Contributions certifi\xc3\xa9es pond\xc3\xa9r\xc3\xa9es par r\xc3\xb4le : direction 4 \xc2\xb7 gestion 3 \xc2\xb7 sp\xc3\xa9cialiste 2 \xc2\xb7 assistance 1"\n          >3</p>\n          <p class="text-xs font-medium uppercase tracking-wide text-military-300">\n            <a href="/trust-score/" class="hover:text-white">Score de confiance</a>\n          </p>\n        </div>\n      </div>\n    </div>\n  </section>\n\n  <!-- Rang\xc3\xa9e de statistiques -->\n  <section class="border-b border-charcoal-900/10 bg-white">\n    <div class="mx-auto grid max-w-7xl grid-cols-2 gap-4 px-4 py-6 sm:px-6 md:grid-cols-5 lg:px-8">\n      <div><p class="stat-value">1</p><p class="stat-label">Certifi\xc3\xa9es</p></div>\n      <div><p class="stat-value">0</p><p class="stat-label">Direction</p></div>\n      <div><p class="stat-value">1</p><p class="stat-label">Gestion</p></div>\n      <div><p class="stat-value">0</p><p class="stat-label">Sp\xc3\xa9cialiste</p></div>\n      <div><p class="stat-value">0</p><p class="stat-label">Assistance</p></div>\n    </div>\n  </section>\n\n  <div class="mx-auto max-w-7xl px-4 py-10 sm:px-6 lg:px-8">\n    <div class="grid gap-8 lg:grid-cols-3">\n      <!-- Contributions certifi\xc3\xa9es : le contrat du profil public -->\n      <div class="lg:col-span-2">\n        <h2 class="section-title mb-4">\n          Contributions certifi\xc3\xa9es\n          <span class="ml-2 align-middle badge-certified">\n            <svg xmlns="http://www.w3.org/2000/svg" viewBox="0 0 20 20" fill="currentColor" class="h-3.5 w-3.5"><path fill-rule="evenodd" d="M16.704 4.153a.75.75 0 01.143 1.052l-8 10.5a.75.75 0 01-1.127.075l-4.5-4.5a.75.75 0 011.06-1.06l3.894 3.893 7.48-9.817a.75.75 0 011.05-.143z" clip-rule="evenodd"/></svg>\n            Confirm\xc3\xa9es en crois\xc3\xa9\n          </span>\n        </h2>\n\n        \n          <article class="card-project mb-4">\n            <div class="flex flex-wrap items-center justify-between gap-2">\n              <div>\n                <span class="role-chip">Responsable</span>\n                <h3 class="mt-2 text-lg font-bold leading-snug">\n                  <a href="/projects/1/" class="hover:text-military-700 hover:underline">\n                    Sanitation programme\n                  </a>\n                </h3>\n                <p class="text-sm text-charcoal-700">\n                  Client X\n                  \xc2\xb7 Jan 2020\n                  \n                    \xe2\x80\x93 D\xc3\xa9c 2023\n                  \n                </p>\n              </div>\n              <span class="badge-certified">\n                <svg xmlns="http://www.w3.org/2000/svg" viewBox="0 0 20 20" fill="currentColor" class="h-3.5 w-3.5"><path fill-rule="evenodd" d="M16.704 4.153a.75.75 0 01.143 1.052l-8 10.5a.75.75 0 01-1.127.075l-4.5-4.5a.75.75 0 011.06-1.06l3.894 3.893 7.48-9.817a.75.75 0 011.05-.143z" clip-rule="evenodd"/></svg>\n                Certifi\xc3\xa9e\n              </span>\n            </div>\n            <ul class="mt-3 list-disc space-y-1 pl-5 text-sm text-charcoal-700">\n              \n                <li>Certified work</li>\n              \n            </ul>\n            <p class="mt-3 text-xs text-charcoal-300">\n              Confirm\xc3\xa9e le 21 Sep 2026 \xc2\xb7\n              tra\xc3\xa7able vers la\n              <a href="/projects/1/" class="font-semibold text-accent-700 hover:underline">page projet</a>\n            </p>\n          </article>\n        \n      </div>\n\n      <!-- Contexte du portfolio (barre lat\xc3\xa9rale) -->\n      <aside class="space-y-6">\n        \n          <div class="card">\n            <h2 class="section-title mb-3">Indicateurs certifi\xc3\xa9s</h2>\n            <p class="mb-3 text-xs text-charcoal-500">\n              Calcul\xc3\xa9s automatiquement \xc3\xa0 partir des contributions certifi\xc3\xa9es\n              ci-dessous \xe2\x80\x94 jamais saisis \xc3\xa0 la main.\n            </p>\n            <dl class="grid grid-cols-2 gap-3">\n              <div class="rounded-lg bg-military-50 p-3">\n                <dt class="text-xs font-medium uppercase tracking-wide text-charcoal-500">Ann\xc3\xa9es d\'exp\xc3\xa9rience</dt>\n                <dd class="text-2xl font-black text-military-900">4</dd>\n              </div>\n              <div class="rounded-lg bg-military-50 p-3">\n                <dt class="text-xs font-medium uppercase tracking-wide text-charcoal-500">Projets</dt>\n                <dd class="text-2xl font-black text-military-900">1</dd>\n              </div>\n              <div class="rounded-lg bg-military-50 p-3">\n                <dt class="text-xs font-medium uppercase tracking-wide text-charcoal-500">Pays</dt>\n                <dd class="text-2xl font-black text-military-900">1</dd>\n              </div>\n              <div class="rounded-lg bg-military-50 p-3">\n                <dt class="text-xs font-medium uppercase tracking-wide text-charcoal-500">Programmes financ\xc3\xa9s par des bailleurs</dt>\n                <dd class="text-2xl font-black text-military-900">1</dd>\n              </div>\n            </dl>\n          </div>\n        \n\n        \n\n        \n\n        \n      </aside>\n    </div>\n  </div>\n\n  </main>\n\n  \n  <!-- Footer: charcoal = strong contrast -->\n  <footer class="bg-charcoal-900 text-charcoal-300">\n    <div class="mx-auto flex max-w-7xl flex-col gap-2 px-4 py-6 text-sm sm:flex-row sm:items-center sm:justify-between sm:px-6 lg:px-8">\n      <p>&copy; 2026 Urban Track : la couche de confiance du d\xc3\xa9veloppement urbain en Afrique. Tous droits r\xc3\xa9serv\xc3\xa9s.</p>\n      <p>Chaque exp\xc3\xa9rience renvoie \xc3\xa0 un projet document\xc3\xa9 et \xc3\xa0 une contribution confirm\xc3\xa9e par les parties.</p>\n      <p>D\xc3\xa9velopp\xc3\xa9 avec m\xc3\xa9thode par <a href="https://www.codegrowthalive.com" class="text-charcoal-100 underline decoration-accent-500 text-bold hover:text-white">Code, Growth Alive</a></p>\n    </div>\n  </footer>\n  \n\n</body>\n</html>\n'

======================================================================
FAIL: test_preview_pdf_and_docx_endpoints (cv_generator.tests.CvViewTests.test_preview_pdf_and_docx_endpoints)
----------------------------------------------------------------------
Traceback (most recent call last):
  File "/home/destin/Projets/UrbanTrack/cv_generator/tests.py", line 312, in test_preview_pdf_and_docx_endpoints
    self.assertEqual(docx_response.status_code, 200)
AssertionError: 302 != 200

======================================================================
FAIL: test_every_skin_has_a_registered_contract (cv_generator.tests.DataContractTests.test_every_skin_has_a_registered_contract)
----------------------------------------------------------------------
Traceback (most recent call last):
  File "/home/destin/Projets/UrbanTrack/cv_generator/tests.py", line 131, in test_every_skin_has_a_registered_contract
    self.assertEqual(set(CV_SKINS), set(CV_CONTRACTS))
AssertionError: Items in the second set but not the first:
'world_bank'

======================================================================
FAIL: test_certified_contribution_links_both_pages (projects.tests.test_views.CertificationSurfacingTests.test_certified_contribution_links_both_pages)
----------------------------------------------------------------------
Traceback (most recent call last):
  File "/home/destin/Projets/UrbanTrack/projects/tests/test_views.py", line 285, in test_certified_contribution_links_both_pages
    self.assertContains(profile, "Trust score")
AssertionError: False is not true : Couldn't find 'Trust score' in the following response
b'\n<!DOCTYPE html>\n<html lang="fr">\n<head>\n  <meta charset="UTF-8">\n  <meta http-equiv="Content-Language" content="fr">\n  <meta name="language" content="fr">\n  <meta name="viewport" content="width=device-width, initial-scale=1.0">\n  <title>Awa Diop (OX-FP6ETE) : Urban Track</title>\n  <meta name="description" content="Profil public de Awa Diop sur Urban Track.">\n  <meta property="og:type" content="website">\n  <meta property="og:title" content="Awa Diop : Urban Track">\n  <meta property="og:description" content="Profil public de Awa Diop sur Urban Track.">\n  <meta property="og:url" content="http://testserver/experts/OX-FP6ETE/">\n  <meta property="og:image" content="http://testserver/static/img/hero-city.fe156585c8c1.jpg">\n  <meta name="twitter:card" content="summary_large_image">\n  <meta name="twitter:title" content="Awa Diop : Urban Track">\n  <meta name="twitter:description" content="Profil public de Awa Diop sur Urban Track.">\n  <meta name="twitter:image" content="http://testserver/static/img/hero-city.fe156585c8c1.jpg">\n\n  \n  <style>\n    :root {\n      color-scheme: light;\n    }\n  </style>\n\n  \n  <script src="/static/vendor/tailwind.7a614b9a197e.js"></script>\n  <script>\n    tailwind.config = {\n      theme: {\n        extend: {\n          colors: {\n            military: {\n              50: \'#f2f4ec\', 100: \'#e1e6cf\', 300: \'#a9b57a\',\n              500: \'#5c6b2f\', 700: \'#3f4a20\', 900: \'#2a3116\',\n            },\n            accent: {\n              50: \'#fdf2f8\', 300: \'#f9a8d4\', 500: \'#ec4899\',\n              700: \'#be185d\',\n            },\n            charcoal: {\n              50: \'#f5f5f4\', 300: \'#a8a8a6\', 700: \'#3f3f3e\', 900: \'#1c1c1b\',\n            },\n          },\n        },\n      },\n    };\n  </script>\n\n  <style type="text/tailwindcss">\n    @layer components {\n      /* Primary button: institutional trust (military green) */\n      .btn-primary {\n        @apply inline-flex items-center justify-center gap-2 rounded-md bg-military-500\n               px-4 py-2 text-sm font-semibold text-white shadow-sm transition\n               hover:bg-military-700 focus:outline-none focus-visible:ring-2\n               focus-visible:ring-military-300 disabled:opacity-50;\n      }\n      /* Action button: live actions, CTAs (pink accent, used sparingly) */\n      .btn-accent {\n        @apply inline-flex items-center justify-center gap-2 rounded-md bg-accent-500\n               px-4 py-2 text-sm font-semibold text-white shadow-sm transition\n               hover:bg-accent-700 focus:outline-none focus-visible:ring-2\n               focus-visible:ring-accent-300 disabled:opacity-50;\n      }\n      .btn-outline {\n        @apply inline-flex items-center justify-center gap-2 rounded-md border\n               border-military-500 px-4 py-2 text-sm font-semibold text-military-700\n               transition hover:bg-military-50 focus:outline-none focus-visible:ring-2\n               focus-visible:ring-military-300;\n      }\n      .card {\n        @apply rounded-xl border border-charcoal-900/10 bg-white p-6 shadow-sm;\n      }\n      /* Project card: clickable surface linking to a public project page */\n      .card-project {\n        @apply rounded-xl border border-charcoal-900/10 bg-white p-5 shadow-sm\n               transition hover:border-military-500 hover:shadow-md;\n      }\n      /* Expert profile card: ResearchGate-style compact identity block */\n      .card-expert {\n        @apply rounded-xl border border-charcoal-900/10 bg-white p-5 shadow-sm\n               transition hover:border-accent-500 hover:shadow-md;\n      }\n      .role-chip {\n        @apply inline-flex items-center rounded-md bg-military-50 px-2 py-0.5\n               text-[11px] font-bold uppercase tracking-wider text-military-700;\n      }\n      .stat-value {\n        @apply text-3xl font-black tracking-tight text-military-900;\n      }\n      .stat-label {\n        @apply mt-1 text-xs font-medium uppercase tracking-wide text-charcoal-300;\n      }\n      .section-title {\n        @apply text-lg font-bold tracking-tight text-charcoal-900;\n      }\n      /* Badge "Certified via cross-confirmation" (green + check icon) */\n      .badge-certified {\n        @apply inline-flex items-center gap-1 rounded-full bg-military-100 px-2.5\n               py-0.5 text-xs font-semibold text-military-700;\n      }\n      /* Badge "Pending confirmation" (neutral pink/orange) */\n      .badge-pending {\n        @apply inline-flex items-center gap-1 rounded-full bg-accent-50 px-2.5\n               py-0.5 text-xs font-semibold text-accent-700;\n      }\n      .badge-rejected {\n        @apply inline-flex items-center gap-1 rounded-full bg-red-50 px-2.5\n               py-0.5 text-xs font-semibold text-red-700;\n      }\n      /* Form system: explicit colors so OS dark mode can never invert them */\n      .form-label {\n        @apply block text-sm font-semibold text-charcoal-900;\n      }\n      .form-input {\n        @apply mt-1 block w-full rounded-md border border-charcoal-900/25 bg-white\n               px-3 py-2 text-sm font-normal text-charcoal-900 shadow-none\n               placeholder:font-normal placeholder:text-charcoal-300\n               focus:border-military-500 focus:outline-none focus:ring-2\n               focus:ring-military-300 disabled:cursor-not-allowed disabled:bg-charcoal-50;\n      }\n      textarea.form-input { @apply min-h-[6rem] leading-relaxed; }\n      .form-help {\n        @apply mt-1 text-xs leading-snug text-charcoal-300;\n      }\n      .form-error {\n        @apply mt-1 list-inside list-disc rounded-md bg-red-50 px-3 py-2\n               text-xs font-medium text-red-700;\n      }\n    }\n  </style>\n\n  <style>\n    select.form-input {\n      appearance: none;\n      background-image: url("data:image/svg+xml;charset=utf-8,%3Csvg xmlns=\'http://www.w3.org/2000/svg\' fill=\'none\' viewBox=\'0 0 24 24\' stroke=\'%23374151\' stroke-width=\'2\'%3E%3Cpath stroke-linecap=\'round\' stroke-linejoin=\'round\' d=\'M19 9l-7 7-7-7\'/%3E%3C/svg%3E");\n      background-size: 1rem;\n      background-position: right 0.6rem center;\n      background-repeat: no-repeat;\n      padding-right: 2.25rem;\n    }\n  </style>\n\n  \n</head>\n\n<body class="flex min-h-screen flex-col bg-white font-sans text-charcoal-900 antialiased">\n\n  \n  <!-- Header / main navigation: military green = institutional trust -->\n  <header class="relative bg-military-900 text-white">\n    <div class="mx-auto flex max-w-7xl items-center justify-between gap-3 px-4 py-3 sm:px-6 lg:px-8">\n      <input type="checkbox" id="nav-toggle" class="peer hidden" aria-hidden="true">\n      <a href="/" class="flex items-center gap-2 text-lg font-bold tracking-tight">\n        <span aria-hidden="true" class="grid h-8 w-8 place-items-center rounded-md bg-accent-500 text-sm font-black">UT</span>\n        Urban&nbsp;Track\n      </a>\n      <nav class="absolute inset-x-0 top-full z-10 hidden flex-col gap-1 border-t border-white/10 bg-military-900 px-4 py-4 peer-checked:flex md:relative md:flex md:flex-row md:items-center md:gap-6 md:border-0 md:bg-transparent md:p-0" aria-label="Main navigation">\n        \n        <a href="/projects/" class="rounded-md px-3 py-2 text-sm font-medium text-military-100 hover:bg-white/5 hover:text-white md:px-0 md:py-0">Projets</a>\n        <a href="/experts/" class="rounded-md px-3 py-2 text-sm font-medium text-military-100 hover:bg-white/5 hover:text-white md:px-0 md:py-0">Experts</a>\n        <a href="/jobs/" class="rounded-md px-3 py-2 text-sm font-medium text-military-100 hover:bg-white/5 hover:text-white md:px-0 md:py-0">Missions</a>\n        <a href="/about/" class="rounded-md px-3 py-2 text-sm font-medium text-military-100 hover:bg-white/5 hover:text-white md:px-0 md:py-0">\xc3\x80 propos</a>\n      </nav>\n      <div class="flex items-center gap-3">\n        \n        <a href="/login/" class="hidden text-sm font-medium text-military-100 hover:text-white sm:block">Connexion</a>\n        <a href="/signup/" class="btn-accent !px-3 !py-1.5">S\'inscrire</a>\n        \n        <label for="nav-toggle" class="-m-1 cursor-pointer p-1 md:hidden" role="button" aria-label="Ouvrir le menu" tabindex="0">\n          <svg xmlns="http://www.w3.org/2000/svg" viewBox="0 0 24 24" fill="none" stroke="currentColor" stroke-width="2" stroke-linecap="round" class="h-6 w-6">\n            <path d="M4 7h16M4 12h16M4 17h16" />\n          </svg>\n        </label>\n      </div>\n    </div>\n  </header>\n  \n\n  <!-- Content -->\n  <main class="flex-1">\n    \n    \n  <!-- Bandeau : vert militaire = confiance institutionnelle ; pastille OX-ID permanente -->\n  <section class="bg-military-900 text-white">\n    <div class="mx-auto max-w-7xl px-4 py-10 sm:px-6 lg:px-8">\n      <div class="flex flex-col gap-6 sm:flex-row sm:items-center">\n        <div class="grid h-24 w-24 shrink-0 place-items-center overflow-hidden rounded-full bg-white text-3xl font-black text-military-900">\n          \n            AD\n          \n        </div>\n        <div>\n          <h1 class="text-3xl font-black tracking-tight">\n            Awa Diop\n          </h1>\n          <p class="mt-1 font-mono text-sm text-military-300">ID OX-FP6ETE</p>\n          \n          \n        </div>\n        <div class="sm:ml-auto sm:text-right">\n          <p\n            class="stat-value !text-white"\n            title="Contributions certifi\xc3\xa9es pond\xc3\xa9r\xc3\xa9es par r\xc3\xb4le : direction 4 \xc2\xb7 gestion 3 \xc2\xb7 sp\xc3\xa9cialiste 2 \xc2\xb7 assistance 1"\n          >4</p>\n          <p class="text-xs font-medium uppercase tracking-wide text-military-300">\n            <a href="/trust-score/" class="hover:text-white">Score de confiance</a>\n          </p>\n        </div>\n      </div>\n    </div>\n  </section>\n\n  <!-- Rang\xc3\xa9e de statistiques -->\n  <section class="border-b border-charcoal-900/10 bg-white">\n    <div class="mx-auto grid max-w-7xl grid-cols-2 gap-4 px-4 py-6 sm:px-6 md:grid-cols-5 lg:px-8">\n      <div><p class="stat-value">1</p><p class="stat-label">Certifi\xc3\xa9es</p></div>\n      <div><p class="stat-value">1</p><p class="stat-label">Direction</p></div>\n      <div><p class="stat-value">0</p><p class="stat-label">Gestion</p></div>\n      <div><p class="stat-value">0</p><p class="stat-label">Sp\xc3\xa9cialiste</p></div>\n      <div><p class="stat-value">0</p><p class="stat-label">Assistance</p></div>\n    </div>\n  </section>\n\n  <div class="mx-auto max-w-7xl px-4 py-10 sm:px-6 lg:px-8">\n    <div class="grid gap-8 lg:grid-cols-3">\n      <!-- Contributions certifi\xc3\xa9es : le contrat du profil public -->\n      <div class="lg:col-span-2">\n        <h2 class="section-title mb-4">\n          Contributions certifi\xc3\xa9es\n          <span class="ml-2 align-middle badge-certified">\n            <svg xmlns="http://www.w3.org/2000/svg" viewBox="0 0 20 20" fill="currentColor" class="h-3.5 w-3.5"><path fill-rule="evenodd" d="M16.704 4.153a.75.75 0 01.143 1.052l-8 10.5a.75.75 0 01-1.127.075l-4.5-4.5a.75.75 0 011.06-1.06l3.894 3.893 7.48-9.817a.75.75 0 011.05-.143z" clip-rule="evenodd"/></svg>\n            Confirm\xc3\xa9es en crois\xc3\xa9\n          </span>\n        </h2>\n\n        \n          <article class="card-project mb-4">\n            <div class="flex flex-wrap items-center justify-between gap-2">\n              <div>\n                <span class="role-chip">Directeur</span>\n                <h3 class="mt-2 text-lg font-bold leading-snug">\n                  <a href="/projects/1/" class="hover:text-military-700 hover:underline">\n                    Rehabilitation of the Grand Marche district\n                  </a>\n                </h3>\n                <p class="text-sm text-charcoal-700">\n                  Municipality of Cotonou\n                  \xc2\xb7 Jan 2024\n                  \n                    \xe2\x80\x93 Jui 2025\n                  \n                </p>\n              </div>\n              <span class="badge-certified">\n                <svg xmlns="http://www.w3.org/2000/svg" viewBox="0 0 20 20" fill="currentColor" class="h-3.5 w-3.5"><path fill-rule="evenodd" d="M16.704 4.153a.75.75 0 01.143 1.052l-8 10.5a.75.75 0 01-1.127.075l-4.5-4.5a.75.75 0 011.06-1.06l3.894 3.893 7.48-9.817a.75.75 0 011.05-.143z" clip-rule="evenodd"/></svg>\n                Certifi\xc3\xa9e\n              </span>\n            </div>\n            <ul class="mt-3 list-disc space-y-1 pl-5 text-sm text-charcoal-700">\n              \n                <li>Led the design</li>\n              \n            </ul>\n            <p class="mt-3 text-xs text-charcoal-300">\n              Confirm\xc3\xa9e le 21 Sep 2026 \xc2\xb7\n              tra\xc3\xa7able vers la\n              <a href="/projects/1/" class="font-semibold text-accent-700 hover:underline">page projet</a>\n            </p>\n          </article>\n        \n      </div>\n\n      <!-- Contexte du portfolio (barre lat\xc3\xa9rale) -->\n      <aside class="space-y-6">\n        \n          <div class="card">\n            <h2 class="section-title mb-3">Indicateurs certifi\xc3\xa9s</h2>\n            <p class="mb-3 text-xs text-charcoal-500">\n              Calcul\xc3\xa9s automatiquement \xc3\xa0 partir des contributions certifi\xc3\xa9es\n              ci-dessous \xe2\x80\x94 jamais saisis \xc3\xa0 la main.\n            </p>\n            <dl class="grid grid-cols-2 gap-3">\n              <div class="rounded-lg bg-military-50 p-3">\n                <dt class="text-xs font-medium uppercase tracking-wide text-charcoal-500">Ann\xc3\xa9es d\'exp\xc3\xa9rience</dt>\n                <dd class="text-2xl font-black text-military-900">1</dd>\n              </div>\n              <div class="rounded-lg bg-military-50 p-3">\n                <dt class="text-xs font-medium uppercase tracking-wide text-charcoal-500">Projets</dt>\n                <dd class="text-2xl font-black text-military-900">1</dd>\n              </div>\n              <div class="rounded-lg bg-military-50 p-3">\n                <dt class="text-xs font-medium uppercase tracking-wide text-charcoal-500">Pays</dt>\n                <dd class="text-2xl font-black text-military-900">0</dd>\n              </div>\n              <div class="rounded-lg bg-military-50 p-3">\n                <dt class="text-xs font-medium uppercase tracking-wide text-charcoal-500">Programmes financ\xc3\xa9s par des bailleurs</dt>\n                <dd class="text-2xl font-black text-military-900">0</dd>\n              </div>\n            </dl>\n          </div>\n        \n\n        \n\n        \n\n        \n      </aside>\n    </div>\n  </div>\n\n  </main>\n\n  \n  <!-- Footer: charcoal = strong contrast -->\n  <footer class="bg-charcoal-900 text-charcoal-300">\n    <div class="mx-auto flex max-w-7xl flex-col gap-2 px-4 py-6 text-sm sm:flex-row sm:items-center sm:justify-between sm:px-6 lg:px-8">\n      <p>&copy; 2026 Urban Track : la couche de confiance du d\xc3\xa9veloppement urbain en Afrique. Tous droits r\xc3\xa9serv\xc3\xa9s.</p>\n      <p>Chaque exp\xc3\xa9rience renvoie \xc3\xa0 un projet document\xc3\xa9 et \xc3\xa0 une contribution confirm\xc3\xa9e par les parties.</p>\n      <p>D\xc3\xa9velopp\xc3\xa9 avec m\xc3\xa9thode par <a href="https://www.codegrowthalive.com" class="text-charcoal-100 underline decoration-accent-500 text-bold hover:text-white">Code, Growth Alive</a></p>\n    </div>\n  </footer>\n  \n\n</body>\n</html>\n'

----------------------------------------------------------------------
Ran 279 tests in 20.304s

FAILED (failures=5, errors=7)
Destroying test database for alias 'default'...
Found 279 test(s).
System check identified no issues (0 silenced).
process_invitations: 0 reminder(s) sent, 0 invitation(s) expired.
process_invitations: 0 reminder(s) sent, 0 invitation(s) expired.
process_invitations: 0 reminder(s) sent, 1 invitation(s) expired.
process_invitations: 1 reminder(s) sent, 0 invitation(s) expired.
process_invitations: 1 reminder(s) sent, 0 invitation(s) expired.
process_invitations: 0 reminder(s) sent, 0 invitation(s) expired.
